// Jest Snapshot v1, https://goo.gl/fbAQLP

exports[`Should render EditExpensePage 1`] = `
<div>
  <div
    className="page-header"
  >
    <div
      className="content-container"
    >
      <h1
        className="page-header__title"
      >
        Edit Expense
      </h1>
    </div>
  </div>
  <div
    className="content-container"
  >
    <ExpenseForm
      expense={
        Object {
          "amount": 120,
          "createdAt": 345600000,
          "description": "Water Bill",
          "id": "3",
          "note": "",
        }
      }
      onSubmit={[Function]}
    />
    <button
      className="button button--secondary"
      onClick={[Function]}
    >
      Remove Expense
    </button>
  </div>
  <div>
    <ExpenseRemoveModal
      handleClearPromptRemoveExpense={[Function]}
      onRemoveConfirm={[Function]}
    />
  </div>
</div>
`;
