// Jest Snapshot v1, https://goo.gl/fbAQLP

exports[`Should render ExpenseList with empty message 1`] = `
<div>
  <h1>
    ExpenseList
  </h1>
  <p>
    No Expenses
  </p>
</div>
`;

exports[`Should render ExpenseList with expenses 1`] = `
<div>
  <h1>
    ExpenseList
  </h1>
  <ExpenseListItem
    amount={25}
    createdAt={0}
    description="Gum"
    id="1"
    key="1"
    note=""
  />
  <ExpenseListItem
    amount={2500}
    createdAt={-345600000}
    description="Rent"
    id="2"
    key="2"
    note=""
  />
  <ExpenseListItem
    amount={120}
    createdAt={345600000}
    description="Water Bill"
    id="3"
    key="3"
    note=""
  />
</div>
`;
